2026-04-28 10:39:15 - system_manager_cli.core.settings_manager - INFO - Loaded settings from D:\SystemManagerCLI\data\settings.json
2026-04-28 10:39:15 - src.system_manager_cli.CLI.CLI - INFO - Starting CLI loop
2026-04-28 10:40:58 - system_manager_cli.core.AuthManager - INFO - Verification email sent to tayabghafoor48@gmail.com with code 365414
2026-04-28 10:44:11 - src.system_manager_cli.CLI.CLI - INFO - CLI loop stopped
2026-04-28 10:49:21 - system_manager_cli.core.settings_manager - INFO - Loaded settings from D:\SystemManagerCLI\data\settings.json
2026-04-28 10:49:21 - src.system_manager_cli.CLI.CLI - INFO - Starting CLI loop
2026-04-28 10:51:48 - src.system_manager_cli.CLI.CLI - INFO - CLI loop stopped
2026-04-28 11:08:36 - system_manager_cli.core.settings_manager - INFO - Loaded settings from D:\SystemManagerCLI\data\settings.json
2026-04-28 11:08:36 - src.system_manager_cli.CLI.CLI - INFO - Starting CLI loop
2026-04-28 11:10:27 - system_manager_cli.core.settings_manager - INFO - Loaded settings from D:\SystemManagerCLI\data\settings.json
2026-04-28 11:10:27 - src.system_manager_cli.CLI.CLI - INFO - Starting CLI loop
2026-04-28 11:10:30 - system_manager_cli.core.settings_manager - INFO - Loaded settings from D:\SystemManagerCLI\data\settings.json
2026-04-28 11:10:30 - src.system_manager_cli.CLI.CLI - INFO - Starting CLI loop
2026-04-28 11:13:26 - src.system_manager_cli.CLI.CLI - INFO - CLI loop stopped
2026-04-28 11:15:40 - system_manager_cli.core.settings_manager - INFO - Loaded settings from D:\SystemManagerCLI\data\settings.json
2026-04-28 11:15:40 - src.system_manager_cli.CLI.CLI - INFO - Starting CLI loop
2026-04-28 11:19:38 - src.system_manager_cli.CLI.CLI - INFO - CLI loop stopped
2026-04-28 11:33:42 - system_manager_cli.core.settings_manager - INFO - Loaded settings from D:\SystemManagerCLI\data\settings.json
2026-04-28 11:33:42 - src.system_manager_cli.CLI.CLI - INFO - Starting CLI loop
2026-04-28 11:33:46 - system_manager_cli.core.settings_manager - INFO - Loaded settings from D:\SystemManagerCLI\data\settings.json
2026-04-28 11:33:46 - src.system_manager_cli.CLI.CLI - INFO - Starting CLI loop
2026-04-28 11:38:52 - system_manager_cli.core.File_categorizer - INFO - Starting file categorization in: D:\python\system_manager_cli\dist\SystemManagerCLI_patched2
2026-04-28 11:40:00 - system_manager_cli.core.settings_manager - INFO - Saved settings to D:\SystemManagerCLI\data\settings.json
2026-04-28 11:40:00 - system_manager_cli.core.settings_manager - INFO - Setting updated: file_organizer.delete_temp_permanently = False
2026-04-28 12:27:51 - src.system_manager_cli.core.Auth_manager - INFO - Verification code for tayabghafoor48@gmail.com: 23474D
2026-04-28 12:31:48 - src.system_manager_cli.app - ERROR - Analysis error: [Errno 13] Permission denied: 'C:\\Windows\\System32\\winevt\\Logs\\Microsoft-Windows-FileHistory-Engine%4BackupLog.evtx'
Traceback (most recent call last):
  File "f:\SystemManagerCLI\src\system_manager_cli\app.py", line 166, in execute_log_analysis
    raw_data       = self.reader.read(file_path)
  File "f:\SystemManagerCLI\src\system_manager_cli\Analysis\reader.py", line 31, in read
    with file_path.open('r', encoding='utf-8', errors='ignore') as handle:
         ~~~~~~~~~~~~~~^^^^^^^^^^^^^^^^^^^^^^^^^^^^^^^^^^^^^^^^
  File "C:\Users\HP 440 G2\AppData\Local\Python\pythoncore-3.14-64\Lib\pathlib\__init__.py", line 771, in open
    return io.open(self, mode, buffering, encoding, errors, newline)
           ~~~~~~~^^^^^^^^^^^^^^^^^^^^^^^^^^^^^^^^^^^^^^^^^^^^^^^^^^
PermissionError: [Errno 13] Permission denied: 'C:\\Windows\\System32\\winevt\\Logs\\Microsoft-Windows-FileHistory-Engine%4BackupLog.evtx'
2026-04-28 12:56:30 - src.system_manager_cli.core.Auth_manager - ERROR - EmailNotifier failed to send email to tayabghafoor57@gmail.com
2026-04-28 13:47:42 - src.system_manager_cli.core.Auth_manager - ERROR - EmailNotifier failed to send email to tayabghafoor57@gmail.com
2026-04-28 14:01:34 - src.system_manager_cli.core.Auth_manager - ERROR - EmailNotifier failed to send email to tayabghafoor57@gmail.com
2026-04-28 15:42:47 - src.system_manager_cli.core.Auth_manager - INFO - User registered: tayabghafoor48@gmail.com (pending email verification)
2026-04-28 15:42:47 - src.system_manager_cli.core.Auth_manager - ERROR - EmailNotifier returned False for tayabghafoor48@gmail.com. Check EMAIL_SENDER / EMAIL_PASSWORD in your .env file and confirm that a valid Google App Password is configured.
2026-04-28 15:42:47 - src.system_manager_cli.core.Auth_manager - WARNING - User tayabghafoor48@gmail.com was registered but the verification email could NOT be sent. The verification code is stored in users.json for manual use.
2026-04-28 15:43:38 - src.system_manager_cli.core.Auth_manager - INFO - Email verified for: tayabghafoor48@gmail.com
2026-04-28 16:14:58 - src.system_manager_cli.core.backup_service - INFO - === Backup flow started ===
2026-04-28 16:14:58 - src.system_manager_cli.core.backup_service - INFO - Copying sources to: F:\
2026-04-28 16:15:22 - src.system_manager_cli.core.backup_service - INFO - === Backup flow completed ===
2026-04-28 16:20:01 - src.system_manager_cli.app - ERROR - Analysis error: [Errno 13] Permission denied: 'C:\\Windows\\System32\\winevt\\Logs\\Microsoft-Windows-FileHistory-Engine%4BackupLog.evtx'
Traceback (most recent call last):
  File "f:\SystemManagerCLI\src\system_manager_cli\app.py", line 166, in execute_log_analysis
    raw_data       = self.reader.read(file_path)
  File "f:\SystemManagerCLI\src\system_manager_cli\Analysis\reader.py", line 31, in read
    with file_path.open('r', encoding='utf-8', errors='ignore') as handle:
         ~~~~~~~~~~~~~~^^^^^^^^^^^^^^^^^^^^^^^^^^^^^^^^^^^^^^^^
  File "C:\Users\HP 440 G2\AppData\Local\Python\pythoncore-3.14-64\Lib\pathlib\__init__.py", line 771, in open
    return io.open(self, mode, buffering, encoding, errors, newline)
           ~~~~~~~^^^^^^^^^^^^^^^^^^^^^^^^^^^^^^^^^^^^^^^^^^^^^^^^^^
PermissionError: [Errno 13] Permission denied: 'C:\\Windows\\System32\\winevt\\Logs\\Microsoft-Windows-FileHistory-Engine%4BackupLog.evtx'
